Subleq is cool! Subleq is cool! Subleq is cool! Subleq is cool! 